Classifications for: k─▒rm─▒z─▒ elma yemek istiyorum
Meyve: 0.26666666666666666 -> exp: 1.305605172064952
Sebze: 0.13333333333333333 -> exp: 1.1426308117957227
Meyve Confidence: 0.5332840382511312
Sebze Confidence: 0.46671596174886876
