  console.log
    [Redis] Connecting to localhost:6379...

      at Object.<anonymous> (src/config/redis.ts:6:9)

  console.log
    [Redis] Connected successfully

      at EventEmitter.<anonymous> (src/config/redis.ts:22:11)

node.exe : FAIL src/__tests__/
news.service.test.ts
At line:1 char:1
+ & "C:\Program Files\nodejs/n
ode.exe" "C:\Program Files\nod
ejs/node_mo ...
+ ~~~~~~~~~~~~~~~~~~~~~~~~~~~~
~~~~~~~~~~~~~~~~~~~~~~~~~~~~~~
~~~~~~~~~~~
    + CategoryInfo          : 
    NotSpecified: (FAIL src/  
  __tests__/news.service.te   
 st.ts:String) [], RemoteE    
xception
    + FullyQualifiedErrorId : 
    NativeCommandError
 
  NewsService
    isDuplicate
      ÔêÜ should return false 
when no matching titles exist 
(37 ms)
      ÔêÜ should detect exact 
duplicate titles (5 ms)
      ÔêÜ should detect very s
imilar titles (4 ms)
    getRecentNews
      ÔêÜ should return pagina
ted results with total count (
3 ms)
      ÔêÜ should apply search 
filter (2 ms)
      ÔêÜ should apply status 
filter (1 ms)
      ÔêÜ should calculate cor
rect pagination skip (1 ms)
    getNewsBySlug
      ÔêÜ should return news b
y slug and increment view coun
t (1 ms)
      ÔêÜ should throw NotFoun
dError for non-existing slug (
31 ms)
    generateSlug (private, tes
ted via createNews)
      ├ù should create news wi
th correct slug format (25 ms)

  ÔùÅ NewsService ÔÇ║ generate
Slug (private, tested via crea
teNews) ÔÇ║ should create news
 with correct slug format

    TypeError: database_1.pris
ma.kategori.findUnique is not 
a function

    [0m [90m 36 |[39m
     [90m 37 |[39m         
[90m// Kategori bilgisini ├ğek
 (G├Ârsel i├ğin slug laz─▒m)[
39m
    [31m[1m>[22m[39m[90m 
38 |[39m         [36mconst[
39m kategori [33m=[39m [36m
await[39m prisma[33m.[39mka
tegori[33m.[39mfindUnique({ 
where[33m:[39m { id[33m:[3
9m data[33m.[39mkategoriId }
 })[33m;[39m
     [90m    |[39m          
                              
        [31m[1m^[22m[39m
     [90m 39 |[39m         
[36mconst[39m fallbackImage 
[33m=[39m kategori [33m?[39
m [33mImageService[39m[33m.
[39mgetImageForNews(kategori
[33m.[39mslug[33m,[39m data
[33m.[39mbaslik) [33m:[39m
 [33mImageService[39m[33m.
[39mgetImageForNews([32m'gene
l'[39m[33m,[39m data[33m.
[39mbaslik)[33m;[39m
     [90m 40 |[39m
     [90m 41 |[39m         
[90m// 3. Veritaban─▒na kaydet
[39m[0m

      at NewsService.createNew
s (src/modules/news/news.servi
ce.ts:38:48)
      at Object.<anonymous> (s
rc/__tests__/news.service.test
.ts:138:28)

Test Suites: 1 failed, 1 total
Tests:       1 failed, 9 passe
d, 10 total
Snapshots:   0 total
Time:        2.918 s, estimate
d 3 s
Ran all test suites matching /
src\\__tests__\\news.service.t
est.ts/i.
Force exiting Jest: Have you c
onsidered using `--detectOpenH
andles` to detect async operat
ions that kept running after a
ll tests finished?
